// Jest Snapshot v1, https://goo.gl/fbAQLP

exports[`stories/components/HoldemPlayerBar Cover smoke-test 1`] = `
<div class="_container_2rwrs_6 container _container_2rwrs_6-appear _container_2rwrs_6-appear-active">
  <div data-left="true"
       class="vstack"
  >
    <img src="data:image/svg+xml;charset=UTF-8,%3Csvg%20width%3D%2230%22%20height%3D%2240%22%20xmlns%3D%22http%3A%2F%2Fwww.w3.org%2F2000%2Fsvg%22%20viewBox%3D%220%200%2030%2040%22%20preserveAspectRatio%3D%22none%22%3E%3Cdefs%3E%3Cstyle%20type%3D%22text%2Fcss%22%3E%23holder_18f57f21c08%20text%20%7B%20fill%3A%231E292C%3Bfont-weight%3Abold%3Bfont-family%3AArial%2C%20Helvetica%2C%20Open%20Sans%2C%20sans-serif%2C%20monospace%3Bfont-size%3A10pt%20%7D%20%3C%2Fstyle%3E%3C%2Fdefs%3E%3Cg%20id%3D%22holder_18f57f21c08%22%3E%3Crect%20width%3D%2230%22%20height%3D%2240%22%20fill%3D%22%2339DBAC%22%3E%3C%2Frect%3E%3Cg%3E%3Ctext%20x%3D%22-3.5390625%22%20y%3D%2232%22%3E30x40%3C%2Ftext%3E%3C%2Fg%3E%3C%2Fg%3E%3C%2Fsvg%3E"
         alt
         class
    >
    <span>
      123M
    </span>
  </div>
  <div data-middle="true"
       class="vstack"
  >
    <div data-cards="true">
      <div class="_container_orzyj_2"
           data-card
      >
        <span data-front-card="true">
        </span>
        <span data-back-card="true">
        </span>
      </div>
      <div class="_container_orzyj_2"
           data-card
      >
        <span data-front-card="true">
        </span>
        <span data-back-card="true">
        </span>
      </div>
    </div>
    <div data-name-container="true">
      <span>
        PlayerName
      </span>
    </div>
    <div data-status-container="true">
      <span>
        CHECK
      </span>
    </div>
  </div>
  <span data-position="D">
    D
  </span>
</div>
`;

exports[`stories/components/HoldemPlayerBar Fold smoke-test 1`] = `""`;

exports[`stories/components/HoldemPlayerBar InTurn smoke-test 1`] = `
<div data-is-turn="true"
     class="_container_2rwrs_6 container _container_2rwrs_6-appear _container_2rwrs_6-appear-active"
>
  <div data-left="true"
       class="vstack"
  >
    <img src="data:image/svg+xml;charset=UTF-8,%3Csvg%20width%3D%2230%22%20height%3D%2240%22%20xmlns%3D%22http%3A%2F%2Fwww.w3.org%2F2000%2Fsvg%22%20viewBox%3D%220%200%2030%2040%22%20preserveAspectRatio%3D%22none%22%3E%3Cdefs%3E%3Cstyle%20type%3D%22text%2Fcss%22%3E%23holder_18f57f21c08%20text%20%7B%20fill%3A%231E292C%3Bfont-weight%3Abold%3Bfont-family%3AArial%2C%20Helvetica%2C%20Open%20Sans%2C%20sans-serif%2C%20monospace%3Bfont-size%3A10pt%20%7D%20%3C%2Fstyle%3E%3C%2Fdefs%3E%3Cg%20id%3D%22holder_18f57f21c08%22%3E%3Crect%20width%3D%2230%22%20height%3D%2240%22%20fill%3D%22%2339DBAC%22%3E%3C%2Frect%3E%3Cg%3E%3Ctext%20x%3D%22-3.5390625%22%20y%3D%2232%22%3E30x40%3C%2Ftext%3E%3C%2Fg%3E%3C%2Fg%3E%3C%2Fsvg%3E"
         alt
         class
    >
    <span>
      123M
    </span>
  </div>
  <div data-middle="true"
       class="vstack"
  >
    <div data-cards="true">
      <div class="_container_orzyj_2"
           data-card="SA"
      >
        <span data-front-card="true">
          A
        </span>
        <span data-back-card="true">
        </span>
      </div>
      <div class="_container_orzyj_2"
           data-card="DJ"
      >
        <span data-front-card="true">
          J
        </span>
        <span data-back-card="true">
        </span>
      </div>
    </div>
    <div data-name-container="true">
      <span>
        PlayerName
      </span>
    </div>
    <div data-status-container="true">
      <span>
        CHECK
      </span>
    </div>
  </div>
  <span data-position="D">
    D
  </span>
</div>
`;

exports[`stories/components/HoldemPlayerBar Normal smoke-test 1`] = `
<div class="_container_2rwrs_6 container _container_2rwrs_6-appear _container_2rwrs_6-appear-active">
  <div data-left="true"
       class="vstack"
  >
    <img src="data:image/svg+xml;charset=UTF-8,%3Csvg%20width%3D%2230%22%20height%3D%2240%22%20xmlns%3D%22http%3A%2F%2Fwww.w3.org%2F2000%2Fsvg%22%20viewBox%3D%220%200%2030%2040%22%20preserveAspectRatio%3D%22none%22%3E%3Cdefs%3E%3Cstyle%20type%3D%22text%2Fcss%22%3E%23holder_18f57f21c08%20text%20%7B%20fill%3A%231E292C%3Bfont-weight%3Abold%3Bfont-family%3AArial%2C%20Helvetica%2C%20Open%20Sans%2C%20sans-serif%2C%20monospace%3Bfont-size%3A10pt%20%7D%20%3C%2Fstyle%3E%3C%2Fdefs%3E%3Cg%20id%3D%22holder_18f57f21c08%22%3E%3Crect%20width%3D%2230%22%20height%3D%2240%22%20fill%3D%22%2339DBAC%22%3E%3C%2Frect%3E%3Cg%3E%3Ctext%20x%3D%22-3.5390625%22%20y%3D%2232%22%3E30x40%3C%2Ftext%3E%3C%2Fg%3E%3C%2Fg%3E%3C%2Fsvg%3E"
         alt
         class
    >
    <span>
      123M
    </span>
  </div>
  <div data-middle="true"
       class="vstack"
  >
    <div data-cards="true">
      <div class="_container_orzyj_2"
           data-card="C2"
      >
        <span data-front-card="true">
          2
        </span>
        <span data-back-card="true">
        </span>
      </div>
      <div class="_container_orzyj_2"
           data-card="H7"
      >
        <span data-front-card="true">
          7
        </span>
        <span data-back-card="true">
        </span>
      </div>
    </div>
    <div data-name-container="true">
      <span>
        PlayerName
      </span>
    </div>
    <div data-status-container="true">
      <span>
        CHECK
      </span>
    </div>
  </div>
  <span data-position="D">
    D
  </span>
</div>
`;
